[
  {
    "function": "minecraft:set_lore",
    "lore": [
      {
        "text": ""
      },
      {
        "text": "Base stats:",
        "color": "gray",
        "italic": false
      },
      {
        "text": " +1 Armor",
        "color": "blue",
        "italic": false
      },

      {
        "text": ""
      }
    ],
    "mode": "insert"
  },
  {
    "function": "minecraft:set_attributes",
    "modifiers": [
      {
        "attribute": "minecraft:generic.armor",
        "amount": 1,
        "operation": "add_value",
        "id": "6f9de10d-b88d-4948-8471-0dec12250c40",
        "slot": "feet"
      }
    ],
    "replace": false
  }
]